━━━━━━━━━━━━━━━━━━━━━━━━━━━━━━━━━━━━━━━━
📅 Time: 2026-02-21 23:11:44
💳 Card: 4523434065641400|12|28|328
👾 Gateway: Autosopi | Site: https://global-experience-specialists-ksa.myshopify.com
⚠️ Error: 
📌 BIN: N/A
🏦 Bank: N/A
🌍 Country: 🌐 N/A
👤 User ID: 6299808404
🎯 Tier: admin
━━━━━━━━━━━━━━━━━━━━━━━━━━━━━━━━━━━━━━━━
━━━━━━━━━━━━━━━━━━━━━━━━━━━━━━━━━━━━━━━━
📅 Time: 2026-02-21 23:11:44
💳 Card: 5598880397213531|06|27|958
👾 Gateway: Autosopi | Site: https://glowpaperco.myshopify.com
⚠️ Error: 
📌 BIN: MASTERCARD - DEBIT - DEBIT MASTERCARD UNEMBOSSED
🏦 Bank: Bangkok Bank Public Company Limited
🌍 Country: 🇹🇭 Thailand
👤 User ID: 6299808404
🎯 Tier: admin
━━━━━━━━━━━━━━━━━━━━━━━━━━━━━━━━━━━━━━━━
━━━━━━━━━━━━━━━━━━━━━━━━━━━━━━━━━━━━━━━━
📅 Time: 2026-02-21 23:11:45
💳 Card: 4135705109981575|12|29|547
👾 Gateway: Autosopi | Site: https://grhats33.myshopify.com
⚠️ Error: 
📌 BIN: N/A
🏦 Bank: N/A
🌍 Country: 🌐 N/A
👤 User ID: 6299808404
🎯 Tier: admin
━━━━━━━━━━━━━━━━━━━━━━━━━━━━━━━━━━━━━━━━
━━━━━━━━━━━━━━━━━━━━━━━━━━━━━━━━━━━━━━━━
📅 Time: 2026-02-21 23:11:45
💳 Card: 5598880651495055|04|35|318
👾 Gateway: Autosopi | Site: https://gxlockstore.myshopify.com
⚠️ Error: 
📌 BIN: MASTERCARD - DEBIT - DEBIT MASTERCARD UNEMBOSSED
🏦 Bank: Bangkok Bank Public Company Limited
🌍 Country: 🇹🇭 Thailand
👤 User ID: 6299808404
🎯 Tier: admin
━━━━━━━━━━━━━━━━━━━━━━━━━━━━━━━━━━━━━━━━
━━━━━━━━━━━━━━━━━━━━━━━━━━━━━━━━━━━━━━━━
📅 Time: 2026-02-21 23:11:45
💳 Card: 4207670276176180|06|27|781
👾 Gateway: Autosopi | Site: https://gwnoon.myshopify.com
⚠️ Error: 
📌 BIN: N/A
🏦 Bank: N/A
🌍 Country: 🌐 N/A
👤 User ID: 6299808404
🎯 Tier: admin
━━━━━━━━━━━━━━━━━━━━━━━━━━━━━━━━━━━━━━━━
━━━━━━━━━━━━━━━━━━━━━━━━━━━━━━━━━━━━━━━━
📅 Time: 2026-02-21 23:11:45
💳 Card: 4519912243051986|06|29|999
👾 Gateway: Autosopi | Site: https://grtrading-swest.myshopify.com
⚠️ Error: Proxy Dead after 3 attempts. Last error: Empty reply from server
📌 BIN: N/A
🏦 Bank: N/A
🌍 Country: 🌐 N/A
👤 User ID: 6299808404
🎯 Tier: admin
━━━━━━━━━━━━━━━━━━━━━━━━━━━━━━━━━━━━━━━━
━━━━━━━━━━━━━━━━━━━━━━━━━━━━━━━━━━━━━━━━
📅 Time: 2026-02-21 23:11:45
💳 Card: 4100390756547663|03|28|631
👾 Gateway: Autosopi | Site: https://health-we.myshopify.com
⚠️ Error: 
📌 BIN: VISA - CREDIT - VISA TRADITIONAL
🏦 Bank: Citibank, N.A.- Costco
🌍 Country: 🇺🇸 United States of America (the)
👤 User ID: 6299808404
🎯 Tier: admin
━━━━━━━━━━━━━━━━━━━━━━━━━━━━━━━━━━━━━━━━
━━━━━━━━━━━━━━━━━━━━━━━━━━━━━━━━━━━━━━━━
📅 Time: 2026-02-21 23:11:45
💳 Card: 4147202564794210|09|27|500
👾 Gateway: Autosopi | Site: https://gypsum-express-2.myshopify.com
⚠️ Error: Proxy Dead after 3 attempts. Last error: Received HTTP code 410 from proxy after CONNECT
📌 BIN: VISA - CREDIT - VISA TRADITIONAL
🏦 Bank: Jpmorgan Chase Bank N.A.
🌍 Country: 🇺🇸 United States of America (the)
👤 User ID: 6299808404
🎯 Tier: admin
━━━━━━━━━━━━━━━━━━━━━━━━━━━━━━━━━━━━━━━━
━━━━━━━━━━━━━━━━━━━━━━━━━━━━━━━━━━━━━━━━
📅 Time: 2026-02-21 23:11:46
💳 Card: 5338473631619542|10|30|312
👾 Gateway: Autosopi | Site: https://healthy-preparedness.myshopify.com
⚠️ Error: 
📌 BIN: N/A
🏦 Bank: N/A
🌍 Country: 🌐 N/A
👤 User ID: 6299808404
🎯 Tier: admin
━━━━━━━━━━━━━━━━━━━━━━━━━━━━━━━━━━━━━━━━
━━━━━━━━━━━━━━━━━━━━━━━━━━━━━━━━━━━━━━━━
📅 Time: 2026-02-21 23:11:46
💳 Card: 4206120940868128|01|29|509
👾 Gateway: Autosopi | Site: https://herpleasureshop.myshopify.com
⚠️ Error: Proxy Dead after 3 attempts. Last error: Empty reply from server
📌 BIN: N/A
🏦 Bank: N/A
🌍 Country: 🌐 N/A
👤 User ID: 6299808404
🎯 Tier: admin
━━━━━━━━━━━━━━━━━━━━━━━━━━━━━━━━━━━━━━━━
━━━━━━━━━━━━━━━━━━━━━━━━━━━━━━━━━━━━━━━━
📅 Time: 2026-02-21 23:11:48
💳 Card: 4273700174004041|08|28|837
👾 Gateway: Autosopi | Site: https://hessaire.myshopify.com
⚠️ Error: 
📌 BIN: VISA - CREDIT - VISA BUSINESS
🏦 Bank: Norddeutsche Landesbank Girozentrale Nord Lb
🌍 Country: 🇩🇪 Germany
👤 User ID: 6299808404
🎯 Tier: admin
━━━━━━━━━━━━━━━━━━━━━━━━━━━━━━━━━━━━━━━━
━━━━━━━━━━━━━━━━━━━━━━━━━━━━━━━━━━━━━━━━
📅 Time: 2026-02-21 23:11:48
💳 Card: 5598880398603177|02|35|265
👾 Gateway: Autosopi | Site: https://himmee.myshopify.com
⚠️ Error: 
📌 BIN: MASTERCARD - DEBIT - DEBIT MASTERCARD UNEMBOSSED
🏦 Bank: Bangkok Bank Public Company Limited
🌍 Country: 🇹🇭 Thailand
👤 User ID: 6299808404
🎯 Tier: admin
━━━━━━━━━━━━━━━━━━━━━━━━━━━━━━━━━━━━━━━━
━━━━━━━━━━━━━━━━━━━━━━━━━━━━━━━━━━━━━━━━
📅 Time: 2026-02-21 23:11:48
💳 Card: 4848100094442312|08|29|639
👾 Gateway: Autosopi | Site: https://higher-heights-for-america-store.myshopify.com
⚠️ Error: 
📌 BIN: N/A
🏦 Bank: N/A
🌍 Country: 🌐 N/A
👤 User ID: 6299808404
🎯 Tier: admin
━━━━━━━━━━━━━━━━━━━━━━━━━━━━━━━━━━━━━━━━
━━━━━━━━━━━━━━━━━━━━━━━━━━━━━━━━━━━━━━━━
📅 Time: 2026-02-21 23:11:48
💳 Card: 4347691130181589|03|30|708
👾 Gateway: Autosopi | Site: https://hickorygrovesoaps.myshopify.com
⚠️ Error: Proxy Dead after 3 attempts. Last error: Received HTTP code 410 from proxy after CONNECT
📌 BIN: N/A
🏦 Bank: N/A
🌍 Country: 🌐 N/A
👤 User ID: 6299808404
🎯 Tier: admin
━━━━━━━━━━━━━━━━━━━━━━━━━━━━━━━━━━━━━━━━
━━━━━━━━━━━━━━━━━━━━━━━━━━━━━━━━━━━━━━━━
📅 Time: 2026-02-21 23:11:48
💳 Card: 5217295415179997|11|26|643
👾 Gateway: Autosopi | Site: https://hoang-tuan-origami-shop.myshopify.com
⚠️ Error: 
📌 BIN: N/A
🏦 Bank: N/A
🌍 Country: 🌐 N/A
👤 User ID: 6299808404
🎯 Tier: admin
━━━━━━━━━━━━━━━━━━━━━━━━━━━━━━━━━━━━━━━━
━━━━━━━━━━━━━━━━━━━━━━━━━━━━━━━━━━━━━━━━
📅 Time: 2026-02-21 23:11:48
💳 Card: 5306917172980224|03|27|728
👾 Gateway: Autosopi | Site: https://huitzilli.myshopify.com
⚠️ Error: PROCESSING_ERROR 
📌 BIN: N/A
🏦 Bank: N/A
🌍 Country: 🌐 N/A
👤 User ID: 6299808404
🎯 Tier: admin
━━━━━━━━━━━━━━━━━━━━━━━━━━━━━━━━━━━━━━━━
━━━━━━━━━━━━━━━━━━━━━━━━━━━━━━━━━━━━━━━━
📅 Time: 2026-02-21 23:11:49
💳 Card: 4489855794733195|12|27|148
👾 Gateway: Autosopi | Site: https://holwholesale.myshopify.com
⚠️ Error: 
📌 BIN: N/A
🏦 Bank: N/A
🌍 Country: 🌐 N/A
👤 User ID: 6299808404
🎯 Tier: admin
━━━━━━━━━━━━━━━━━━━━━━━━━━━━━━━━━━━━━━━━
━━━━━━━━━━━━━━━━━━━━━━━━━━━━━━━━━━━━━━━━
📅 Time: 2026-02-21 23:11:49
💳 Card: 4600750000898383|06|31|916
👾 Gateway: Autosopi | Site: https://homeandgarden-clubsurge.myshopify.com
⚠️ Error: Submit Rejected: PAYMENTS_INVALID_GATEWAY_FOR_DEVELOPMENT_STORE
📌 BIN: N/A
🏦 Bank: N/A
🌍 Country: 🌐 N/A
👤 User ID: 6299808404
🎯 Tier: admin
━━━━━━━━━━━━━━━━━━━━━━━━━━━━━━━━━━━━━━━━
━━━━━━━━━━━━━━━━━━━━━━━━━━━━━━━━━━━━━━━━
📅 Time: 2026-02-21 23:11:49
💳 Card: 4347697130126573|12|30|343
👾 Gateway: Autosopi | Site: https://honeyloaf-beauty.myshopify.com
⚠️ Error: 
📌 BIN: N/A
🏦 Bank: N/A
🌍 Country: 🌐 N/A
👤 User ID: 6299808404
🎯 Tier: admin
━━━━━━━━━━━━━━━━━━━━━━━━━━━━━━━━━━━━━━━━
━━━━━━━━━━━━━━━━━━━━━━━━━━━━━━━━━━━━━━━━
📅 Time: 2026-02-21 23:11:49
💳 Card: 4013880002304295|07|29|481
👾 Gateway: Autosopi | Site: https://ikulaci.myshopify.com
⚠️ Error: 
📌 BIN: N/A
🏦 Bank: N/A
🌍 Country: 🌐 N/A
👤 User ID: 6299808404
🎯 Tier: admin
━━━━━━━━━━━━━━━━━━━━━━━━━━━━━━━━━━━━━━━━
━━━━━━━━━━━━━━━━━━━━━━━━━━━━━━━━━━━━━━━━
📅 Time: 2026-02-21 23:11:49
💳 Card: 4207670269760271|04|26|374
👾 Gateway: Autosopi | Site: https://invisible-cents.myshopify.com
⚠️ Error: 
📌 BIN: N/A
🏦 Bank: N/A
🌍 Country: 🌐 N/A
👤 User ID: 6299808404
🎯 Tier: admin
━━━━━━━━━━━━━━━━━━━━━━━━━━━━━━━━━━━━━━━━
━━━━━━━━━━━━━━━━━━━━━━━━━━━━━━━━━━━━━━━━
📅 Time: 2026-02-21 23:11:50
💳 Card: 4196254448475680|12|28|523
👾 Gateway: Autosopi | Site: https://itsjvke.myshopify.com
⚠️ Error: 
📌 BIN: N/A
🏦 Bank: N/A
🌍 Country: 🌐 N/A
👤 User ID: 6299808404
🎯 Tier: admin
━━━━━━━━━━━━━━━━━━━━━━━━━━━━━━━━━━━━━━━━
━━━━━━━━━━━━━━━━━━━━━━━━━━━━━━━━━━━━━━━━
📅 Time: 2026-02-21 23:11:50
💳 Card: 5160376599619193|11|26|274
👾 Gateway: Autosopi | Site: https://jewelryelora.myshopify.com
⚠️ Error: 
📌 BIN: N/A
🏦 Bank: N/A
🌍 Country: 🌐 N/A
👤 User ID: 6299808404
🎯 Tier: admin
━━━━━━━━━━━━━━━━━━━━━━━━━━━━━━━━━━━━━━━━
━━━━━━━━━━━━━━━━━━━━━━━━━━━━━━━━━━━━━━━━
📅 Time: 2026-02-21 23:11:50
💳 Card: 4147342032529127|05|27|520
👾 Gateway: Autosopi | Site: https://j2mn1h-1j.myshopify.com
⚠️ Error: 
📌 BIN: N/A
🏦 Bank: N/A
🌍 Country: 🌐 N/A
👤 User ID: 6299808404
🎯 Tier: admin
━━━━━━━━━━━━━━━━━━━━━━━━━━━━━━━━━━━━━━━━
━━━━━━━━━━━━━━━━━━━━━━━━━━━━━━━━━━━━━━━━
📅 Time: 2026-02-21 23:11:52
💳 Card: 4451346469883600|04|30|272
👾 Gateway: Autosopi | Site: https://iwwksa-gx.myshopify.com
⚠️ Error: 
📌 BIN: N/A
🏦 Bank: N/A
🌍 Country: 🌐 N/A
👤 User ID: 6299808404
🎯 Tier: admin
━━━━━━━━━━━━━━━━━━━━━━━━━━━━━━━━━━━━━━━━
━━━━━━━━━━━━━━━━━━━━━━━━━━━━━━━━━━━━━━━━
📅 Time: 2026-02-21 23:11:53
💳 Card: 5348663226201676|06|30|432
👾 Gateway: Autosopi | Site: https://journals-and-such-by-kathy.myshopify.com
⚠️ Error: Proxy Dead after 3 attempts. Last error: Empty reply from server
📌 BIN: N/A
🏦 Bank: N/A
🌍 Country: 🌐 N/A
👤 User ID: 6299808404
🎯 Tier: admin
━━━━━━━━━━━━━━━━━━━━━━━━━━━━━━━━━━━━━━━━
━━━━━━━━━━━━━━━━━━━━━━━━━━━━━━━━━━━━━━━━
📅 Time: 2026-02-21 23:11:53
💳 Card: 5598880651747083|12|31|263
👾 Gateway: Autosopi | Site: https://jc-rugs.myshopify.com
⚠️ Error: Proxy Dead after 3 attempts. Last error: Empty reply from server
📌 BIN: MASTERCARD - DEBIT - DEBIT MASTERCARD UNEMBOSSED
🏦 Bank: Bangkok Bank Public Company Limited
🌍 Country: 🇹🇭 Thailand
👤 User ID: 6299808404
🎯 Tier: admin
━━━━━━━━━━━━━━━━━━━━━━━━━━━━━━━━━━━━━━━━
━━━━━━━━━━━━━━━━━━━━━━━━━━━━━━━━━━━━━━━━
📅 Time: 2026-02-21 23:11:53
💳 Card: 5196032151027717|03|27|621
👾 Gateway: Autosopi | Site: https://jb-custom-fabrication.myshopify.com
⚠️ Error: 
📌 BIN: MASTERCARD - DEBIT - DEBIT MASTERCARD UNEMBOSSED
🏦 Bank: Cimb Bank Berhad
🌍 Country: 🇲🇾 Malaysia
👤 User ID: 6299808404
🎯 Tier: admin
━━━━━━━━━━━━━━━━━━━━━━━━━━━━━━━━━━━━━━━━
━━━━━━━━━━━━━━━━━━━━━━━━━━━━━━━━━━━━━━━━
📅 Time: 2026-02-21 23:11:53
💳 Card: 4214100253989562|05|26|262
👾 Gateway: Autosopi | Site: https://kamal-store-9559.myshopify.com
⚠️ Error: 
📌 BIN: N/A
🏦 Bank: N/A
🌍 Country: 🌐 N/A
👤 User ID: 6299808404
🎯 Tier: admin
━━━━━━━━━━━━━━━━━━━━━━━━━━━━━━━━━━━━━━━━
━━━━━━━━━━━━━━━━━━━━━━━━━━━━━━━━━━━━━━━━
📅 Time: 2026-02-21 23:11:55
💳 Card: 5332480152115327|05|30|633
👾 Gateway: Autosopi | Site: https://kamekona-soaps-such.myshopify.com
⚠️ Error: 
📌 BIN: N/A
🏦 Bank: N/A
🌍 Country: 🌐 N/A
👤 User ID: 6299808404
🎯 Tier: admin
━━━━━━━━━━━━━━━━━━━━━━━━━━━━━━━━━━━━━━━━
━━━━━━━━━━━━━━━━━━━━━━━━━━━━━━━━━━━━━━━━
📅 Time: 2026-02-21 23:11:55
💳 Card: 5370778685932214|11|28|778
👾 Gateway: Autosopi | Site: https://kansoussi.myshopify.com
⚠️ Error: 
📌 BIN: N/A
🏦 Bank: N/A
🌍 Country: 🌐 N/A
👤 User ID: 6299808404
🎯 Tier: admin
━━━━━━━━━━━━━━━━━━━━━━━━━━━━━━━━━━━━━━━━
━━━━━━━━━━━━━━━━━━━━━━━━━━━━━━━━━━━━━━━━
📅 Time: 2026-02-21 23:11:55
💳 Card: 4000223089227888|04|28|916
👾 Gateway: Autosopi | Site: https://keystonbros.myshopify.com
⚠️ Error: 
📌 BIN: N/A
🏦 Bank: N/A
🌍 Country: 🌐 N/A
👤 User ID: 6299808404
🎯 Tier: admin
━━━━━━━━━━━━━━━━━━━━━━━━━━━━━━━━━━━━━━━━
━━━━━━━━━━━━━━━━━━━━━━━━━━━━━━━━━━━━━━━━
📅 Time: 2026-02-21 23:11:56
💳 Card: 4848289134543674|06|27|736
👾 Gateway: Autosopi | Site: https://kindhomecollective.myshopify.com
⚠️ Error: GENERIC_ERROR 
📌 BIN: N/A
🏦 Bank: N/A
🌍 Country: 🌐 N/A
👤 User ID: 6299808404
🎯 Tier: admin
━━━━━━━━━━━━━━━━━━━━━━━━━━━━━━━━━━━━━━━━
━━━━━━━━━━━━━━━━━━━━━━━━━━━━━━━━━━━━━━━━
📅 Time: 2026-02-21 23:11:56
💳 Card: 4482330157142969|07|27|493
👾 Gateway: Autosopi | Site: https://kitchenaccessoriess.myshopify.com
⚠️ Error: 
📌 BIN: N/A
🏦 Bank: N/A
🌍 Country: 🌐 N/A
👤 User ID: 6299808404
🎯 Tier: admin
━━━━━━━━━━━━━━━━━━━━━━━━━━━━━━━━━━━━━━━━
━━━━━━━━━━━━━━━━━━━━━━━━━━━━━━━━━━━━━━━━
📅 Time: 2026-02-21 23:11:56
💳 Card: 4900709775704249|02|27|890
👾 Gateway: Autosopi | Site: https://kingdom-armory.myshopify.com
⚠️ Error: 
📌 BIN: N/A
🏦 Bank: N/A
🌍 Country: 🌐 N/A
👤 User ID: 6299808404
🎯 Tier: admin
━━━━━━━━━━━━━━━━━━━━━━━━━━━━━━━━━━━━━━━━
━━━━━━━━━━━━━━━━━━━━━━━━━━━━━━━━━━━━━━━━
📅 Time: 2026-02-21 23:11:57
💳 Card: 4650565877105533|02|27|597
👾 Gateway: Autosopi | Site: https://king-rufus.myshopify.com
⚠️ Error: 
📌 BIN: N/A
🏦 Bank: N/A
🌍 Country: 🌐 N/A
👤 User ID: 6299808404
🎯 Tier: admin
━━━━━━━━━━━━━━━━━━━━━━━━━━━━━━━━━━━━━━━━
━━━━━━━━━━━━━━━━━━━━━━━━━━━━━━━━━━━━━━━━
📅 Time: 2026-02-21 23:12:00
💳 Card: 4377660102166020|08|28|890
👾 Gateway: Autosopi | Site: https://kitchenwareya.myshopify.com
⚠️ Error: 
📌 BIN: N/A
🏦 Bank: N/A
🌍 Country: 🌐 N/A
👤 User ID: 6299808404
🎯 Tier: admin
━━━━━━━━━━━━━━━━━━━━━━━━━━━━━━━━━━━━━━━━
━━━━━━━━━━━━━━━━━━━━━━━━━━━━━━━━━━━━━━━━
📅 Time: 2026-02-21 23:12:00
💳 Card: 5598880054103710|05|30|154
👾 Gateway: Autosopi | Site: https://kleanliving.myshopify.com
⚠️ Error: Submit Rejected: PAYMENTS_INVALID_GATEWAY_FOR_DEVELOPMENT_STORE
📌 BIN: MASTERCARD - DEBIT - DEBIT MASTERCARD UNEMBOSSED
🏦 Bank: Bangkok Bank Public Company Limited
🌍 Country: 🇹🇭 Thailand
👤 User ID: 6299808404
🎯 Tier: admin
━━━━━━━━━━━━━━━━━━━━━━━━━━━━━━━━━━━━━━━━
━━━━━━━━━━━━━━━━━━━━━━━━━━━━━━━━━━━━━━━━
📅 Time: 2026-02-21 23:12:00
💳 Card: 5196032175549241|05|28|753
👾 Gateway: Autosopi | Site: https://koolatron.myshopify.com
⚠️ Error: GENERIC_ERROR 
📌 BIN: MASTERCARD - DEBIT - DEBIT MASTERCARD UNEMBOSSED
🏦 Bank: Cimb Bank Berhad
🌍 Country: 🇲🇾 Malaysia
👤 User ID: 6299808404
🎯 Tier: admin
━━━━━━━━━━━━━━━━━━━━━━━━━━━━━━━━━━━━━━━━
━━━━━━━━━━━━━━━━━━━━━━━━━━━━━━━━━━━━━━━━
📅 Time: 2026-02-21 23:12:00
💳 Card: 4688931580861844|04|29|547
👾 Gateway: Autosopi | Site: https://lamont-cosmetics.myshopify.com
⚠️ Error: 
📌 BIN: N/A
🏦 Bank: N/A
🌍 Country: 🌐 N/A
👤 User ID: 6299808404
🎯 Tier: admin
━━━━━━━━━━━━━━━━━━━━━━━━━━━━━━━━━━━━━━━━
━━━━━━━━━━━━━━━━━━━━━━━━━━━━━━━━━━━━━━━━
📅 Time: 2026-02-21 23:12:00
💳 Card: 4519922197088728|02|30|965
👾 Gateway: Autosopi | Site: https://last-call-defense.myshopify.com
⚠️ Error: GENERIC_ERROR 
📌 BIN: N/A
🏦 Bank: N/A
🌍 Country: 🌐 N/A
👤 User ID: 6299808404
🎯 Tier: admin
━━━━━━━━━━━━━━━━━━━━━━━━━━━━━━━━━━━━━━━━
━━━━━━━━━━━━━━━━━━━━━━━━━━━━━━━━━━━━━━━━
📅 Time: 2026-02-21 23:12:03
💳 Card: 4386680021422303|06|26|911
👾 Gateway: Autosopi | Site: https://le-belle-maison.myshopify.com
⚠️ Error: Proxy Dead after 3 attempts. Last error: Empty reply from server
📌 BIN: N/A
🏦 Bank: N/A
🌍 Country: 🌐 N/A
👤 User ID: 6299808404
🎯 Tier: admin
━━━━━━━━━━━━━━━━━━━━━━━━━━━━━━━━━━━━━━━━
━━━━━━━━━━━━━━━━━━━━━━━━━━━━━━━━━━━━━━━━
📅 Time: 2026-02-21 23:12:05
💳 Card: 5337898565769296|08|28|348
👾 Gateway: Autosopi | Site: https://light-rojeee.myshopify.com
⚠️ Error: 
📌 BIN: N/A
🏦 Bank: N/A
🌍 Country: 🌐 N/A
👤 User ID: 6299808404
🎯 Tier: admin
━━━━━━━━━━━━━━━━━━━━━━━━━━━━━━━━━━━━━━━━
━━━━━━━━━━━━━━━━━━━━━━━━━━━━━━━━━━━━━━━━
📅 Time: 2026-02-21 23:12:05
💳 Card: 5275150134069335|06|29|102
👾 Gateway: Autosopi | Site: https://lumi-petal.myshopify.com
⚠️ Error: 
📌 BIN: N/A
🏦 Bank: N/A
🌍 Country: 🌐 N/A
👤 User ID: 6299808404
🎯 Tier: admin
━━━━━━━━━━━━━━━━━━━━━━━━━━━━━━━━━━━━━━━━
━━━━━━━━━━━━━━━━━━━━━━━━━━━━━━━━━━━━━━━━
📅 Time: 2026-02-21 23:12:05
💳 Card: 4169161462071423|09|29|897
👾 Gateway: Autosopi | Site: https://merrickdesign-store.myshopify.com
⚠️ Error: 
📌 BIN: N/A
🏦 Bank: N/A
🌍 Country: 🌐 N/A
👤 User ID: 6299808404
🎯 Tier: admin
━━━━━━━━━━━━━━━━━━━━━━━━━━━━━━━━━━━━━━━━
━━━━━━━━━━━━━━━━━━━━━━━━━━━━━━━━━━━━━━━━
📅 Time: 2026-02-21 23:12:05
💳 Card: 5598880392393056|12|29|643
👾 Gateway: Autosopi | Site: https://me-merch.myshopify.com
⚠️ Error: 
📌 BIN: MASTERCARD - DEBIT - DEBIT MASTERCARD UNEMBOSSED
🏦 Bank: Bangkok Bank Public Company Limited
🌍 Country: 🇹🇭 Thailand
👤 User ID: 6299808404
🎯 Tier: admin
━━━━━━━━━━━━━━━━━━━━━━━━━━━━━━━━━━━━━━━━
━━━━━━━━━━━━━━━━━━━━━━━━━━━━━━━━━━━━━━━━
📅 Time: 2026-02-21 23:12:06
💳 Card: 4568876702480426|07|28|883
👾 Gateway: Autosopi | Site: https://mery-cortez-shop.myshopify.com
⚠️ Error: 
📌 BIN: N/A
🏦 Bank: N/A
🌍 Country: 🌐 N/A
👤 User ID: 6299808404
🎯 Tier: admin
━━━━━━━━━━━━━━━━━━━━━━━━━━━━━━━━━━━━━━━━
━━━━━━━━━━━━━━━━━━━━━━━━━━━━━━━━━━━━━━━━
📅 Time: 2026-02-21 23:12:06
💳 Card: 4117704099011669|04|29|547
👾 Gateway: Autosopi | Site: https://nabicosmetic.myshopify.com
⚠️ Error: 
📌 BIN: N/A
🏦 Bank: N/A
🌍 Country: 🌐 N/A
👤 User ID: 6299808404
🎯 Tier: admin
━━━━━━━━━━━━━━━━━━━━━━━━━━━━━━━━━━━━━━━━
━━━━━━━━━━━━━━━━━━━━━━━━━━━━━━━━━━━━━━━━
📅 Time: 2026-02-21 23:12:08
💳 Card: 4624097745050355|10|28|723
👾 Gateway: Autosopi | Site: https://n1131w-xe.myshopify.com
⚠️ Error: 
📌 BIN: N/A
🏦 Bank: N/A
🌍 Country: 🌐 N/A
👤 User ID: 6299808404
🎯 Tier: admin
━━━━━━━━━━━━━━━━━━━━━━━━━━━━━━━━━━━━━━━━
━━━━━━━━━━━━━━━━━━━━━━━━━━━━━━━━━━━━━━━━
📅 Time: 2026-02-21 23:12:10
💳 Card: 4978355932043100|06|27|791
👾 Gateway: Autosopi | Site: https://mrhotrod6.myshopify.com
⚠️ Error: GENERIC_ERROR 
📌 BIN: N/A
🏦 Bank: N/A
🌍 Country: 🌐 N/A
👤 User ID: 6299808404
🎯 Tier: admin
━━━━━━━━━━━━━━━━━━━━━━━━━━━━━━━━━━━━━━━━
━━━━━━━━━━━━━━━━━━━━━━━━━━━━━━━━━━━━━━━━
📅 Time: 2026-02-21 23:12:11
💳 Card: 5413655272646192|05|29|591
👾 Gateway: Autosopi | Site: https://nbtanest-kw-2.myshopify.com
⚠️ Error: 
📌 BIN: N/A
🏦 Bank: N/A
🌍 Country: 🌐 N/A
👤 User ID: 6299808404
🎯 Tier: admin
━━━━━━━━━━━━━━━━━━━━━━━━━━━━━━━━━━━━━━━━
━━━━━━━━━━━━━━━━━━━━━━━━━━━━━━━━━━━━━━━━
📅 Time: 2026-02-21 23:12:13
💳 Card: 4060320373356535|06|30|131
👾 Gateway: Autosopi | Site: https://neko-chan-incense.myshopify.com
⚠️ Error: 
📌 BIN: N/A
🏦 Bank: N/A
🌍 Country: 🌐 N/A
👤 User ID: 6299808404
🎯 Tier: admin
━━━━━━━━━━━━━━━━━━━━━━━━━━━━━━━━━━━━━━━━
━━━━━━━━━━━━━━━━━━━━━━━━━━━━━━━━━━━━━━━━
📅 Time: 2026-02-21 23:12:13
💳 Card: 4266841681523294|06|26|870
👾 Gateway: Autosopi | Site: https://oaklandgardens.myshopify.com
⚠️ Error: 
📌 BIN: N/A
🏦 Bank: N/A
🌍 Country: 🌐 N/A
👤 User ID: 6299808404
🎯 Tier: admin
━━━━━━━━━━━━━━━━━━━━━━━━━━━━━━━━━━━━━━━━
━━━━━━━━━━━━━━━━━━━━━━━━━━━━━━━━━━━━━━━━
📅 Time: 2026-02-21 23:12:13
💳 Card: 5332480165614985|01|27|414
👾 Gateway: Autosopi | Site: https://pandtstore.myshopify.com
⚠️ Error: Proxy Dead after 3 attempts. Last error: Empty reply from server
📌 BIN: N/A
🏦 Bank: N/A
🌍 Country: 🌐 N/A
👤 User ID: 6299808404
🎯 Tier: admin
━━━━━━━━━━━━━━━━━━━━━━━━━━━━━━━━━━━━━━━━
━━━━━━━━━━━━━━━━━━━━━━━━━━━━━━━━━━━━━━━━
📅 Time: 2026-02-21 23:12:13
💳 Card: 4154644401352282|12|29|405
👾 Gateway: Autosopi | Site: https://pb-j-haus.myshopify.com
⚠️ Error: Proxy Dead after 3 attempts. Last error: Empty reply from server
📌 BIN: N/A
🏦 Bank: N/A
🌍 Country: 🌐 N/A
👤 User ID: 6299808404
🎯 Tier: admin
━━━━━━━━━━━━━━━━━━━━━━━━━━━━━━━━━━━━━━━━
━━━━━━━━━━━━━━━━━━━━━━━━━━━━━━━━━━━━━━━━
📅 Time: 2026-02-21 23:12:15
💳 Card: 4599200983790788|03|27|061
👾 Gateway: Autosopi | Site: https://pepe-carols.myshopify.com
⚠️ Error: 
📌 BIN: N/A
🏦 Bank: N/A
🌍 Country: 🌐 N/A
👤 User ID: 6299808404
🎯 Tier: admin
━━━━━━━━━━━━━━━━━━━━━━━━━━━━━━━━━━━━━━━━
━━━━━━━━━━━━━━━━━━━━━━━━━━━━━━━━━━━━━━━━
📅 Time: 2026-02-21 23:12:16
💳 Card: 4904319388186119|02|27|713
👾 Gateway: Autosopi | Site: https://pet-meadow.myshopify.com
⚠️ Error: Proxy Dead after 3 attempts. Last error: Empty reply from server
📌 BIN: N/A
🏦 Bank: N/A
🌍 Country: 🌐 N/A
👤 User ID: 6299808404
🎯 Tier: admin
━━━━━━━━━━━━━━━━━━━━━━━━━━━━━━━━━━━━━━━━
━━━━━━━━━━━━━━━━━━━━━━━━━━━━━━━━━━━━━━━━
📅 Time: 2026-02-21 23:12:18
💳 Card: 5274602756362258|07|30|662
👾 Gateway: Autosopi | Site: https://puro-6.myshopify.com
⚠️ Error: 
📌 BIN: N/A
🏦 Bank: N/A
🌍 Country: 🌐 N/A
👤 User ID: 6299808404
🎯 Tier: admin
━━━━━━━━━━━━━━━━━━━━━━━━━━━━━━━━━━━━━━━━
━━━━━━━━━━━━━━━━━━━━━━━━━━━━━━━━━━━━━━━━
📅 Time: 2026-02-21 23:12:18
💳 Card: 5414963811895166|11|28|454
👾 Gateway: Autosopi | Site: https://puresterling.myshopify.com
⚠️ Error: 
📌 BIN: N/A
🏦 Bank: N/A
🌍 Country: 🌐 N/A
👤 User ID: 6299808404
🎯 Tier: admin
━━━━━━━━━━━━━━━━━━━━━━━━━━━━━━━━━━━━━━━━
━━━━━━━━━━━━━━━━━━━━━━━━━━━━━━━━━━━━━━━━
📅 Time: 2026-02-21 23:12:18
💳 Card: 4002712300651270|10|28|916
👾 Gateway: Autosopi | Site: https://prodigy-games.myshopify.com
⚠️ Error: GENERIC_ERROR 
📌 BIN: VISA - DEBIT - VISA CLASSIC
🏦 Bank: Rhb Bank Berhad
🌍 Country: 🇲🇾 Malaysia
👤 User ID: 6299808404
🎯 Tier: admin
━━━━━━━━━━━━━━━━━━━━━━━━━━━━━━━━━━━━━━━━
━━━━━━━━━━━━━━━━━━━━━━━━━━━━━━━━━━━━━━━━
📅 Time: 2026-02-21 23:12:18
💳 Card: 4619940980337531|08|29|252
👾 Gateway: Autosopi | Site: https://primenest-goods-6.myshopify.com
⚠️ Error: 
📌 BIN: N/A
🏦 Bank: N/A
🌍 Country: 🌐 N/A
👤 User ID: 6299808404
🎯 Tier: admin
━━━━━━━━━━━━━━━━━━━━━━━━━━━━━━━━━━━━━━━━
━━━━━━━━━━━━━━━━━━━━━━━━━━━━━━━━━━━━━━━━
📅 Time: 2026-02-21 23:12:19
💳 Card: 4295442185647146|08|27|372
👾 Gateway: Autosopi | Site: https://prodigygame.myshopify.com
⚠️ Error: 
📌 BIN: N/A
🏦 Bank: N/A
🌍 Country: 🌐 N/A
👤 User ID: 6299808404
🎯 Tier: admin
━━━━━━━━━━━━━━━━━━━━━━━━━━━━━━━━━━━━━━━━
━━━━━━━━━━━━━━━━━━━━━━━━━━━━━━━━━━━━━━━━
📅 Time: 2026-02-21 23:12:20
💳 Card: 5200146000371235|11|26|044
👾 Gateway: Autosopi | Site: https://primescentra.myshopify.com
⚠️ Error: Proxy Dead after 3 attempts. Last error: Received HTTP code 410 from proxy after CONNECT
📌 BIN: N/A
🏦 Bank: N/A
🌍 Country: 🌐 N/A
👤 User ID: 6299808404
🎯 Tier: admin
━━━━━━━━━━━━━━━━━━━━━━━━━━━━━━━━━━━━━━━━
━━━━━━━━━━━━━━━━━━━━━━━━━━━━━━━━━━━━━━━━
📅 Time: 2026-02-21 23:12:20
💳 Card: 5532530000431330|09|33|267
👾 Gateway: Autosopi | Site: https://r-r-farm-charm.myshopify.com
⚠️ Error: 
📌 BIN: N/A
🏦 Bank: N/A
🌍 Country: 🌐 N/A
👤 User ID: 6299808404
🎯 Tier: admin
━━━━━━━━━━━━━━━━━━━━━━━━━━━━━━━━━━━━━━━━
━━━━━━━━━━━━━━━━━━━━━━━━━━━━━━━━━━━━━━━━
📅 Time: 2026-02-21 23:12:20
💳 Card: 4147404607954799|06|30|096
👾 Gateway: Autosopi | Site: https://rockbottomholdings.myshopify.com
⚠️ Error: 
📌 BIN: N/A
🏦 Bank: N/A
🌍 Country: 🌐 N/A
👤 User ID: 6299808404
🎯 Tier: admin
━━━━━━━━━━━━━━━━━━━━━━━━━━━━━━━━━━━━━━━━
━━━━━━━━━━━━━━━━━━━━━━━━━━━━━━━━━━━━━━━━
📅 Time: 2026-02-21 23:12:22
💳 Card: 4284300880394310|08|29|505
👾 Gateway: Autosopi | Site: https://robertwelch.myshopify.com
⚠️ Error: Proxy Dead after 3 attempts. Last error: Empty reply from server
📌 BIN: N/A
🏦 Bank: N/A
🌍 Country: 🌐 N/A
👤 User ID: 6299808404
🎯 Tier: admin
━━━━━━━━━━━━━━━━━━━━━━━━━━━━━━━━━━━━━━━━
━━━━━━━━━━━━━━━━━━━━━━━━━━━━━━━━━━━━━━━━
📅 Time: 2026-02-21 23:12:23
💳 Card: 5087528179651893|03|27|073
👾 Gateway: Autosopi | Site: https://restoratecream.myshopify.com
⚠️ Error: 
📌 BIN: N/A
🏦 Bank: N/A
🌍 Country: 🌐 N/A
👤 User ID: 6299808404
🎯 Tier: admin
━━━━━━━━━━━━━━━━━━━━━━━━━━━━━━━━━━━━━━━━
━━━━━━━━━━━━━━━━━━━━━━━━━━━━━━━━━━━━━━━━
📅 Time: 2026-02-21 23:12:23
💳 Card: 4154644406979485|09|27|746
👾 Gateway: Autosopi | Site: https://rolling-trees-llc.myshopify.com
⚠️ Error: Proxy Dead after 3 attempts. Last error: Empty reply from server
📌 BIN: N/A
🏦 Bank: N/A
🌍 Country: 🌐 N/A
👤 User ID: 6299808404
🎯 Tier: admin
━━━━━━━━━━━━━━━━━━━━━━━━━━━━━━━━━━━━━━━━
━━━━━━━━━━━━━━━━━━━━━━━━━━━━━━━━━━━━━━━━
📅 Time: 2026-02-21 23:12:23
💳 Card: 5542911723838993|04|29|179
👾 Gateway: Autosopi | Site: https://sentimentalstitches.myshopify.com
⚠️ Error: Proxy Dead after 3 attempts. Last error: Received HTTP code 410 from proxy after CONNECT
📌 BIN: N/A
🏦 Bank: N/A
🌍 Country: 🌐 N/A
👤 User ID: 6299808404
🎯 Tier: admin
━━━━━━━━━━━━━━━━━━━━━━━━━━━━━━━━━━━━━━━━
━━━━━━━━━━━━━━━━━━━━━━━━━━━━━━━━━━━━━━━━
📅 Time: 2026-02-21 23:12:26
💳 Card: 4680740854541059|11|26|742
👾 Gateway: Autosopi | Site: https://shopprettydream.myshopify.com
⚠️ Error: 
📌 BIN: N/A
🏦 Bank: N/A
🌍 Country: 🌐 N/A
👤 User ID: 6299808404
🎯 Tier: admin
━━━━━━━━━━━━━━━━━━━━━━━━━━━━━━━━━━━━━━━━
━━━━━━━━━━━━━━━━━━━━━━━━━━━━━━━━━━━━━━━━
📅 Time: 2026-02-21 23:12:26
💳 Card: 4678515008444044|05|29|395
👾 Gateway: Autosopi | Site: https://sharpeco.myshopify.com
⚠️ Error: 
📌 BIN: N/A
🏦 Bank: N/A
🌍 Country: 🌐 N/A
👤 User ID: 6299808404
🎯 Tier: admin
━━━━━━━━━━━━━━━━━━━━━━━━━━━━━━━━━━━━━━━━
━━━━━━━━━━━━━━━━━━━━━━━━━━━━━━━━━━━━━━━━
📅 Time: 2026-02-21 23:12:29
💳 Card: 4782002076204736|11|29|183
👾 Gateway: Autosopi | Site: https://simplec10.myshopify.com
⚠️ Error: 
📌 BIN: N/A
🏦 Bank: N/A
🌍 Country: 🌐 N/A
👤 User ID: 6299808404
🎯 Tier: admin
━━━━━━━━━━━━━━━━━━━━━━━━━━━━━━━━━━━━━━━━
━━━━━━━━━━━━━━━━━━━━━━━━━━━━━━━━━━━━━━━━
📅 Time: 2026-02-21 23:12:30
💳 Card: 5523428511300980|05|30|538
👾 Gateway: Autosopi | Site: https://skin-society-4.myshopify.com
⚠️ Error: 
📌 BIN: N/A
🏦 Bank: N/A
🌍 Country: 🌐 N/A
👤 User ID: 6299808404
🎯 Tier: admin
━━━━━━━━━━━━━━━━━━━━━━━━━━━━━━━━━━━━━━━━
━━━━━━━━━━━━━━━━━━━━━━━━━━━━━━━━━━━━━━━━
📅 Time: 2026-02-21 23:12:34
💳 Card: 4134008082425129|05|28|938
👾 Gateway: Autosopi | Site: https://skysdefense.myshopify.com
⚠️ Error: 
📌 BIN: N/A
🏦 Bank: N/A
🌍 Country: 🌐 N/A
👤 User ID: 6299808404
🎯 Tier: admin
━━━━━━━━━━━━━━━━━━━━━━━━━━━━━━━━━━━━━━━━
━━━━━━━━━━━━━━━━━━━━━━━━━━━━━━━━━━━━━━━━
📅 Time: 2026-02-21 23:12:34
💳 Card: 4001940006092959|03|27|347
👾 Gateway: Autosopi | Site: https://skin-zephyr.myshopify.com
⚠️ Error: 
📌 BIN: N/A
🏦 Bank: N/A
🌍 Country: 🌐 N/A
👤 User ID: 6299808404
🎯 Tier: admin
━━━━━━━━━━━━━━━━━━━━━━━━━━━━━━━━━━━━━━━━
━━━━━━━━━━━━━━━━━━━━━━━━━━━━━━━━━━━━━━━━
📅 Time: 2026-02-21 23:12:34
💳 Card: 4555113011795806|06|30|677
👾 Gateway: Autosopi | Site: https://smart-office-templates.myshopify.com
⚠️ Error: 
📌 BIN: N/A
🏦 Bank: N/A
🌍 Country: 🌐 N/A
👤 User ID: 6299808404
🎯 Tier: admin
━━━━━━━━━━━━━━━━━━━━━━━━━━━━━━━━━━━━━━━━
━━━━━━━━━━━━━━━━━━━━━━━━━━━━━━━━━━━━━━━━
📅 Time: 2026-02-21 23:12:35
💳 Card: 4912646586816281|06|28|170
👾 Gateway: Autosopi | Site: https://smart-home-products.myshopify.com
⚠️ Error: 
📌 BIN: N/A
🏦 Bank: N/A
🌍 Country: 🌐 N/A
👤 User ID: 6299808404
🎯 Tier: admin
━━━━━━━━━━━━━━━━━━━━━━━━━━━━━━━━━━━━━━━━
━━━━━━━━━━━━━━━━━━━━━━━━━━━━━━━━━━━━━━━━
📅 Time: 2026-02-21 23:12:35
💳 Card: 5579100456458312|09|30|330
👾 Gateway: Autosopi | Site: https://smart-buy-hub-21.myshopify.com
⚠️ Error: 
📌 BIN: N/A
🏦 Bank: N/A
🌍 Country: 🌐 N/A
👤 User ID: 6299808404
🎯 Tier: admin
━━━━━━━━━━━━━━━━━━━━━━━━━━━━━━━━━━━━━━━━
━━━━━━━━━━━━━━━━━━━━━━━━━━━━━━━━━━━━━━━━
📅 Time: 2026-02-21 23:12:35
💳 Card: 5579103796707737|01|27|753
👾 Gateway: Autosopi | Site: https://smartofficetemplates.myshopify.com
⚠️ Error: 
📌 BIN: N/A
🏦 Bank: N/A
🌍 Country: 🌐 N/A
👤 User ID: 6299808404
🎯 Tier: admin
━━━━━━━━━━━━━━━━━━━━━━━━━━━━━━━━━━━━━━━━
━━━━━━━━━━━━━━━━━━━━━━━━━━━━━━━━━━━━━━━━
📅 Time: 2026-02-21 23:12:36
💳 Card: 4835128391887900|09|30|881
👾 Gateway: Autosopi | Site: https://spadana-smart-living.myshopify.com
⚠️ Error: 
📌 BIN: N/A
🏦 Bank: N/A
🌍 Country: 🌐 N/A
👤 User ID: 6299808404
🎯 Tier: admin
━━━━━━━━━━━━━━━━━━━━━━━━━━━━━━━━━━━━━━━━
━━━━━━━━━━━━━━━━━━━━━━━━━━━━━━━━━━━━━━━━
📅 Time: 2026-02-21 23:12:36
💳 Card: 4411040844621392|05|27|408
👾 Gateway: Autosopi | Site: https://stainz-eyewear.myshopify.com
⚠️ Error: 
📌 BIN: N/A
🏦 Bank: N/A
🌍 Country: 🌐 N/A
👤 User ID: 6299808404
🎯 Tier: admin
━━━━━━━━━━━━━━━━━━━━━━━━━━━━━━━━━━━━━━━━
━━━━━━━━━━━━━━━━━━━━━━━━━━━━━━━━━━━━━━━━
📅 Time: 2026-02-21 23:12:36
💳 Card: 4857340511269116|06|29|987
👾 Gateway: Autosopi | Site: https://species-by-the-thousands.myshopify.com
⚠️ Error: 
📌 BIN: N/A
🏦 Bank: N/A
🌍 Country: 🌐 N/A
👤 User ID: 6299808404
🎯 Tier: admin
━━━━━━━━━━━━━━━━━━━━━━━━━━━━━━━━━━━━━━━━
━━━━━━━━━━━━━━━━━━━━━━━━━━━━━━━━━━━━━━━━
📅 Time: 2026-02-21 23:12:36
💳 Card: 4900708025969735|10|27|184
👾 Gateway: Autosopi | Site: https://sptjgd-vz.myshopify.com
⚠️ Error: GENERIC_ERROR 
📌 BIN: N/A
🏦 Bank: N/A
🌍 Country: 🌐 N/A
👤 User ID: 6299808404
🎯 Tier: admin
━━━━━━━━━━━━━━━━━━━━━━━━━━━━━━━━━━━━━━━━
━━━━━━━━━━━━━━━━━━━━━━━━━━━━━━━━━━━━━━━━
📅 Time: 2026-02-21 23:12:38
💳 Card: 4646923600635648|02|28|785
👾 Gateway: Autosopi | Site: https://success-store69.myshopify.com
⚠️ Error: 
📌 BIN: N/A
🏦 Bank: N/A
🌍 Country: 🌐 N/A
👤 User ID: 6299808404
🎯 Tier: admin
━━━━━━━━━━━━━━━━━━━━━━━━━━━━━━━━━━━━━━━━
━━━━━━━━━━━━━━━━━━━━━━━━━━━━━━━━━━━━━━━━
📅 Time: 2026-02-21 23:12:38
💳 Card: 4540022062563120|12|26|095
👾 Gateway: Autosopi | Site: https://sultans-emporium.myshopify.com
⚠️ Error: 
📌 BIN: N/A
🏦 Bank: N/A
🌍 Country: 🌐 N/A
👤 User ID: 6299808404
🎯 Tier: admin
━━━━━━━━━━━━━━━━━━━━━━━━━━━━━━━━━━━━━━━━
━━━━━━━━━━━━━━━━━━━━━━━━━━━━━━━━━━━━━━━━
📅 Time: 2026-02-21 23:12:39
💳 Card: 4848696614550898|01|27|449
👾 Gateway: Autosopi | Site: https://sunstop-stores.myshopify.com
⚠️ Error: 
📌 BIN: N/A
🏦 Bank: N/A
🌍 Country: 🌐 N/A
👤 User ID: 6299808404
🎯 Tier: admin
━━━━━━━━━━━━━━━━━━━━━━━━━━━━━━━━━━━━━━━━
━━━━━━━━━━━━━━━━━━━━━━━━━━━━━━━━━━━━━━━━
📅 Time: 2026-02-21 23:12:39
💳 Card: 4154644406551177|08|29|711
👾 Gateway: Autosopi | Site: https://sunsexs.myshopify.com
⚠️ Error: Proxy Dead after 3 attempts. Last error: Empty reply from server
📌 BIN: N/A
🏦 Bank: N/A
🌍 Country: 🌐 N/A
👤 User ID: 6299808404
🎯 Tier: admin
━━━━━━━━━━━━━━━━━━━━━━━━━━━━━━━━━━━━━━━━
━━━━━━━━━━━━━━━━━━━━━━━━━━━━━━━━━━━━━━━━
📅 Time: 2026-02-21 23:12:41
💳 Card: 4147400422547404|03|29|307
👾 Gateway: Autosopi | Site: https://ta-seller-3.myshopify.com
⚠️ Error: Proxy Dead after 3 attempts. Last error: Empty reply from server
📌 BIN: N/A
🏦 Bank: N/A
🌍 Country: 🌐 N/A
👤 User ID: 6299808404
🎯 Tier: admin
━━━━━━━━━━━━━━━━━━━━━━━━━━━━━━━━━━━━━━━━
━━━━━━━━━━━━━━━━━━━━━━━━━━━━━━━━━━━━━━━━
📅 Time: 2026-02-21 23:12:41
💳 Card: 5598880054914280|05|30|131
👾 Gateway: Autosopi | Site: https://tatamelounge.myshopify.com
⚠️ Error: 
📌 BIN: MASTERCARD - DEBIT - DEBIT MASTERCARD UNEMBOSSED
🏦 Bank: Bangkok Bank Public Company Limited
🌍 Country: 🇹🇭 Thailand
👤 User ID: 6299808404
🎯 Tier: admin
━━━━━━━━━━━━━━━━━━━━━━━━━━━━━━━━━━━━━━━━
━━━━━━━━━━━━━━━━━━━━━━━━━━━━━━━━━━━━━━━━
📅 Time: 2026-02-21 23:12:41
💳 Card: 5363340045071248|10|27|547
👾 Gateway: Autosopi | Site: https://talawrencebooks.myshopify.com
⚠️ Error: 
📌 BIN: N/A
🏦 Bank: N/A
🌍 Country: 🌐 N/A
👤 User ID: 6299808404
🎯 Tier: admin
━━━━━━━━━━━━━━━━━━━━━━━━━━━━━━━━━━━━━━━━
━━━━━━━━━━━━━━━━━━━━━━━━━━━━━━━━━━━━━━━━
📅 Time: 2026-02-21 23:12:41
💳 Card: 4680063658766073|09|26|799
👾 Gateway: Autosopi | Site: https://takedown-distribution.myshopify.com
⚠️ Error: 
📌 BIN: N/A
🏦 Bank: N/A
🌍 Country: 🌐 N/A
👤 User ID: 6299808404
🎯 Tier: admin
━━━━━━━━━━━━━━━━━━━━━━━━━━━━━━━━━━━━━━━━
━━━━━━━━━━━━━━━━━━━━━━━━━━━━━━━━━━━━━━━━
📅 Time: 2026-02-21 23:12:41
💳 Card: 5196032184994537|09|28|960
👾 Gateway: Autosopi | Site: https://tanneicasey-handmade.myshopify.com
⚠️ Error: 
📌 BIN: MASTERCARD - DEBIT - DEBIT MASTERCARD UNEMBOSSED
🏦 Bank: Cimb Bank Berhad
🌍 Country: 🇲🇾 Malaysia
👤 User ID: 6299808404
🎯 Tier: admin
━━━━━━━━━━━━━━━━━━━━━━━━━━━━━━━━━━━━━━━━
━━━━━━━━━━━━━━━━━━━━━━━━━━━━━━━━━━━━━━━━
📅 Time: 2026-02-21 23:12:42
💳 Card: 5386469125625210|03|28|664
👾 Gateway: Autosopi | Site: https://tcgpokepartners.myshopify.com
⚠️ Error: 
📌 BIN: N/A
🏦 Bank: N/A
🌍 Country: 🌐 N/A
👤 User ID: 6299808404
🎯 Tier: admin
━━━━━━━━━━━━━━━━━━━━━━━━━━━━━━━━━━━━━━━━
━━━━━━━━━━━━━━━━━━━━━━━━━━━━━━━━━━━━━━━━
📅 Time: 2026-02-21 23:12:44
💳 Card: 5515967757606113|04|28|934
👾 Gateway: Autosopi | Site: https://tetonusa.myshopify.com
⚠️ Error: Proxy Dead after 3 attempts. Last error: Received HTTP code 410 from proxy after CONNECT
📌 BIN: N/A
🏦 Bank: N/A
🌍 Country: 🌐 N/A
👤 User ID: 6299808404
🎯 Tier: admin
━━━━━━━━━━━━━━━━━━━━━━━━━━━━━━━━━━━━━━━━
━━━━━━━━━━━━━━━━━━━━━━━━━━━━━━━━━━━━━━━━
📅 Time: 2026-02-21 23:12:45
💳 Card: 5264120743400497|12|27|100
👾 Gateway: Autosopi | Site: https://the-my-2-cents-store.myshopify.com
⚠️ Error: 
📌 BIN: N/A
🏦 Bank: N/A
🌍 Country: 🌐 N/A
👤 User ID: 6299808404
🎯 Tier: admin
━━━━━━━━━━━━━━━━━━━━━━━━━━━━━━━━━━━━━━━━
━━━━━━━━━━━━━━━━━━━━━━━━━━━━━━━━━━━━━━━━
📅 Time: 2026-02-21 23:12:45
💳 Card: 5579100445453655|11|26|866
👾 Gateway: Autosopi | Site: https://the-calmara-forge.myshopify.com
⚠️ Error: Proxy Dead after 3 attempts. Last error: Empty reply from server
📌 BIN: N/A
🏦 Bank: N/A
🌍 Country: 🌐 N/A
👤 User ID: 6299808404
🎯 Tier: admin
━━━━━━━━━━━━━━━━━━━━━━━━━━━━━━━━━━━━━━━━
━━━━━━━━━━━━━━━━━━━━━━━━━━━━━━━━━━━━━━━━
📅 Time: 2026-02-21 23:12:45
💳 Card: 4900708318154664|08|30|701
👾 Gateway: Autosopi | Site: https://the-backseat-lovers.myshopify.com
⚠️ Error: 
📌 BIN: N/A
🏦 Bank: N/A
🌍 Country: 🌐 N/A
👤 User ID: 6299808404
🎯 Tier: admin
━━━━━━━━━━━━━━━━━━━━━━━━━━━━━━━━━━━━━━━━
